// Jest Snapshot v1, https://goo.gl/fbAQLP

exports[`components/Button should render 1`] = `
<div>
  <button
    class="button primary"
    type="button"
  >
    Button
  </button>
</div>
`;
