// Jest Snapshot v1, https://goo.gl/fbAQLP

exports[`components/Header should render 1`] = `
<div>
  <header
    class="header"
  >
    Header title
  </header>
</div>
`;
